
> frontend@0.1.0 build
> next build

⚠ Warning: Next.js inferred your workspace root, but it may not be correct.
 We detected multiple lockfiles and selected the directory of C:\Users\MEHMET YILDIRIM\package-lock.json as the root directory.
 To silence this warning, set `turbopack.root` in your Next.js config, or consider removing one of the lockfiles if it's not needed.
   See https://nextjs.org/docs/app/api-reference/config/next-config-js/turbopack#root-directory for more information.
 Detected additional lockfiles: 
   * C:\Users\MEHMET YILDIRIM\risknova-platform\frontend\package-lock.json

▲ Next.js 16.1.6 (Turbopack)
- Environments: .env.local

  Creating an optimized production build ...
✓ Compiled successfully in 19.7s
  Running TypeScript ...
  Collecting page data using 15 workers ...
  Generating static pages using 15 workers (0/47) ...
  Generating static pages using 15 workers (11/47) 
  Generating static pages using 15 workers (23/47) 
  Generating static pages using 15 workers (35/47) 
✓ Generating static pages using 15 workers (47/47) in 546.1ms
  Finalizing page optimization ...

Route (app)
┌ ○ /
├ ○ /_not-found
├ ○ /actions
├ ƒ /api/debug/runtime-check
├ ƒ /api/env-check
├ ƒ /api/import-employees
├ ○ /archives
├ ƒ /auth/confirm
├ ○ /calendar
├ ○ /closure-verification
├ ○ /companies
├ ƒ /companies/[id]
├ ƒ /dashboard
├ ○ /deadline-tracking
├ ○ /document-create
├ ○ /document-generator
├ ○ /documents
├ ○ /emergency
├ ○ /executive-summary
├ ○ /field-audit
├ ○ /findings
├ ƒ /forgot-password
├ ○ /hazard-library
├ ○ /health
├ ○ /health-docs
├ ○ /locations
├ ƒ /login
├ ○ /medical-schedule
├ ○ /notifications
├ ○ /photo-findings
├ ○ /profile
├ ○ /r-skor-2d
├ ƒ /register
├ ○ /reports
├ ƒ /reset-password
├ ○ /rham
├ ○ /risk-analysis
├ ○ /score-history
├ ○ /settings
├ ○ /tasks
├ ○ /templates
├ ○ /text-query
├ ○ /trend
├ ○ /users
├ ○ /visual-risk
└ ○ /workflow


○  (Static)   prerendered as static content
ƒ  (Dynamic)  server-rendered on demand

